Starting...
Processing test/open_scope.ml (1/1)
Fetching...
Dune root: /home/virgile/Projets/ocaml-close/
CWD: /home/virgile/Projets/ocaml-close/_build/default
Describe...
Analyzing...
Analyzing...
{ Close.module_name = "Dune__exe.Library.A"; total = 1; groups = 1;
  layer_only = false; imports_syntax = false }
{ Close.module_name = "Dune__exe.Library.A"; total = 3; groups = 2;
  layer_only = false; imports_syntax = false }
