Starting...
Processing lib/typed.ml (1/4)
Fetching...
Describe...
Analyzing...
{ Close.module_name = "Types"; total = 4; groups = 4; layer_only = false;
  imports_syntax = false }
{ Close.module_name = "Typedtree"; total = 30; groups = 13;
  layer_only = false; imports_syntax = false }
{ Close.module_name = "Closelib.Utils"; total = 28; groups = 4;
  layer_only = false; imports_syntax = true }
{ Close.module_name = "Closelib.Params"; total = 7; groups = 2;
  layer_only = false; imports_syntax = false }
{ Close.module_name = "Core"; total = 130; groups = 36; layer_only = false;
  imports_syntax = true }
Processing lib/close.ml (2/4)
Fetching...
Describe...
Analyzing...
{ Close.module_name = "Progress"; total = 15; groups = 12; layer_only = true;
  imports_syntax = true }
{ Close.module_name = "Closelib.Params"; total = 11; groups = 3;
  layer_only = false; imports_syntax = false }
{ Close.module_name = "Closelib.Utils"; total = 7; groups = 3;
  layer_only = false; imports_syntax = true }
{ Close.module_name = "Base"; total = 77; groups = 45; layer_only = false;
  imports_syntax = true }
Processing lib/conf.ml (3/4)
Fetching...
Describe...
Analyzing...
{ Close.module_name = "Sexplib"; total = 29; groups = 6; layer_only = true;
  imports_syntax = false }
{ Close.module_name = "Closelib.Utils"; total = 3; groups = 2;
  layer_only = false; imports_syntax = true }
{ Close.module_name = "Core"; total = 55; groups = 18; layer_only = false;
  imports_syntax = true }
Processing test/open_scope.ml (4/4)
Fetching...
Describe...
Analyzing...
{ Close.module_name = "Dune__exe.Library.A"; total = 1; groups = 1;
  layer_only = false; imports_syntax = false }
{ Close.module_name = "Dune__exe.Library.A"; total = 3; groups = 2;
  layer_only = false; imports_syntax = false }
